[huystackai.github.io/index.html]
[unpkg.com/ionicons@7.1.0/dist/ionicons/ionicons.esm.js]
[unpkg.com/ionicons@7.1.0/dist/ionicons/ionicons.js]
[backblue.gif]
[fade.gif]
[index.html]
[cdnjs.cloudflare.com/ajax/libs/animate.css/4.1.1/animate.min.css]
[huystackai.github.io/css/style.css]
[huystackai.github.io/img/anhdaidien.jpg]
[huystackai.github.io/CV.pdf]
[huystackai.github.io/img/GSA.png]
[huystackai.github.io/img/tuhoc50.png]
[huystackai.github.io/img/vhyltd.png]
[huystackai.github.io/img/logoyenvan.png]
[flagcdn.com/w80/vn.png]
[flagcdn.com/w80/us.png]
[flagcdn.com/w80/cn.png]
[huystackai.github.io/img/DLtumor.jpg]
[huystackai.github.io/img/MLlogistics.jpg]
[huystackai.github.io/img/realtime.jpg]
[huystackai.github.io/img/yoga.jpg]
[huystackai.github.io/js/script.js]
[huystackai.github.io/index.html]
[cdnjs.cloudflare.com/ajax/libs/animate.css/4.1.1/animate.min.css]
[huystackai.github.io/img/banner.png]
[huystackai.github.io/css/img/banner.jpg]
[huystackai.github.io/css/style.css]
[huystackai.github.io/css/img/banner.html]
